[0.423s] DEBUG:colcon:Command line arguments: ['/usr/bin/colcon', 'build', '--symlink-install', '--packages-select']
[0.423s] DEBUG:colcon:Parsed command line arguments: Namespace(log_base=None, log_level=None, verb_name='build', build_base='build', install_base='install', merge_install=False, symlink_install=True, test_result_base=None, continue_on_error=False, executor='parallel', parallel_workers=8, event_handlers=None, ignore_user_meta=False, metas=['./colcon.meta'], base_paths=['.'], packages_ignore=None, packages_ignore_regex=None, paths=None, packages_up_to=None, packages_up_to_regex=None, packages_above=None, packages_above_and_dependencies=None, packages_above_depth=None, packages_select_by_dep=None, packages_skip_by_dep=None, packages_skip_up_to=None, packages_select_build_failed=False, packages_skip_build_finished=False, packages_select_test_failures=False, packages_skip_test_passed=False, packages_select=[], packages_skip=None, packages_select_regex=None, packages_skip_regex=None, packages_start=None, packages_end=None, allow_overriding=[], cmake_args=None, cmake_target=None, cmake_target_skip_unavailable=False, cmake_clean_cache=False, cmake_clean_first=False, cmake_force_configure=False, ament_cmake_args=None, catkin_cmake_args=None, catkin_skip_building_tests=False, verb_parser=<colcon_defaults.argument_parser.defaults.DefaultArgumentsDecorator object at 0x7f39e4fbdba0>, verb_extension=<colcon_core.verb.build.BuildVerb object at 0x7f39e592fac0>, main=<bound method BuildVerb.main of <colcon_core.verb.build.BuildVerb object at 0x7f39e592fac0>>)
[0.453s] Level 1:colcon.colcon_core.package_discovery:discover_packages(colcon_meta) check parameters
[0.454s] Level 1:colcon.colcon_core.package_discovery:discover_packages(recursive) check parameters
[0.454s] Level 1:colcon.colcon_core.package_discovery:discover_packages(ignore) check parameters
[0.454s] Level 1:colcon.colcon_core.package_discovery:discover_packages(path) check parameters
[0.454s] Level 1:colcon.colcon_core.package_discovery:discover_packages(colcon_meta) discover
[0.454s] Level 1:colcon.colcon_core.package_discovery:discover_packages(recursive) discover
[0.454s] INFO:colcon.colcon_core.package_discovery:Crawling recursively for packages in '/home/jasper/turtlebot3_ws/src/map_explorer'
[0.454s] Level 1:colcon.colcon_core.package_identification:_identify(.) by extensions ['ignore', 'ignore_ament_install']
[0.454s] Level 1:colcon.colcon_core.package_identification:_identify(.) by extension 'ignore'
[0.454s] Level 1:colcon.colcon_core.package_identification:_identify(.) by extension 'ignore_ament_install'
[0.454s] Level 1:colcon.colcon_core.package_identification:_identify(.) by extensions ['colcon_pkg']
[0.454s] Level 1:colcon.colcon_core.package_identification:_identify(.) by extension 'colcon_pkg'
[0.454s] Level 1:colcon.colcon_core.package_identification:_identify(.) by extensions ['colcon_meta']
[0.454s] Level 1:colcon.colcon_core.package_identification:_identify(.) by extension 'colcon_meta'
[0.454s] Level 1:colcon.colcon_core.package_identification:_identify(.) by extensions ['ros']
[0.454s] Level 1:colcon.colcon_core.package_identification:_identify(.) by extension 'ros'
[0.469s] DEBUG:colcon.colcon_core.package_identification:Package '.' with type 'ros.ament_python' and name 'map_explorer'
[0.469s] Level 1:colcon.colcon_core.package_discovery:discover_packages(recursive) using defaults
[0.469s] Level 1:colcon.colcon_core.package_discovery:discover_packages(ignore) discover
[0.469s] Level 1:colcon.colcon_core.package_discovery:discover_packages(ignore) using defaults
[0.469s] Level 1:colcon.colcon_core.package_discovery:discover_packages(path) discover
[0.469s] Level 1:colcon.colcon_core.package_discovery:discover_packages(path) using defaults
[0.494s] INFO:colcon.colcon_core.package_selection:Skipping not selected package 'map_explorer' in '.'
[0.495s] Level 1:colcon.colcon_core.package_discovery:discover_packages(prefix_path) check parameters
[0.496s] Level 1:colcon.colcon_core.package_discovery:discover_packages(prefix_path) discover
[0.500s] DEBUG:colcon.colcon_installed_package_information.package_discovery:Found 4 installed packages in /home/jasper/turtlebot3_ws/install
[0.502s] DEBUG:colcon.colcon_installed_package_information.package_discovery:Found 376 installed packages in /opt/ros/humble
[0.504s] Level 1:colcon.colcon_core.package_discovery:discover_packages(prefix_path) using defaults
[0.577s] INFO:colcon.colcon_core.executor:Executing jobs using 'parallel' executor
[0.582s] DEBUG:colcon.colcon_parallel_executor.executor.parallel:run_until_complete
[0.582s] DEBUG:colcon.colcon_parallel_executor.executor.parallel:closing loop
[0.582s] DEBUG:colcon.colcon_parallel_executor.executor.parallel:loop closed
[0.582s] DEBUG:colcon.colcon_parallel_executor.executor.parallel:run_until_complete finished with '0'
[0.583s] DEBUG:colcon.colcon_core.event_reactor:joining thread
[0.587s] INFO:colcon.colcon_core.plugin_system:Skipping extension 'colcon_notification.desktop_notification.terminal_notifier': Not used on non-Darwin systems
[0.587s] INFO:colcon.colcon_core.plugin_system:Skipping extension 'colcon_notification.desktop_notification.win32': Not used on non-Windows systems
[0.587s] INFO:colcon.colcon_notification.desktop_notification:Sending desktop notification using 'notify2'
[0.600s] DEBUG:colcon.colcon_core.event_reactor:joined thread
[0.605s] INFO:colcon.colcon_core.plugin_system:Skipping extension 'colcon_core.shell.bat': Not used on non-Windows systems
[0.605s] INFO:colcon.colcon_core.shell:Creating prefix script '/home/jasper/turtlebot3_ws/src/map_explorer/install/local_setup.ps1'
[0.606s] INFO:colcon.colcon_core.shell:Creating prefix util module '/home/jasper/turtlebot3_ws/src/map_explorer/install/_local_setup_util_ps1.py'
[0.608s] INFO:colcon.colcon_core.shell:Creating prefix chain script '/home/jasper/turtlebot3_ws/src/map_explorer/install/setup.ps1'
[0.612s] INFO:colcon.colcon_core.shell:Creating prefix script '/home/jasper/turtlebot3_ws/src/map_explorer/install/local_setup.sh'
[0.613s] INFO:colcon.colcon_core.shell:Creating prefix util module '/home/jasper/turtlebot3_ws/src/map_explorer/install/_local_setup_util_sh.py'
[0.614s] INFO:colcon.colcon_core.shell:Creating prefix chain script '/home/jasper/turtlebot3_ws/src/map_explorer/install/setup.sh'
[0.616s] INFO:colcon.colcon_core.shell:Creating prefix script '/home/jasper/turtlebot3_ws/src/map_explorer/install/local_setup.bash'
[0.617s] INFO:colcon.colcon_core.shell:Creating prefix chain script '/home/jasper/turtlebot3_ws/src/map_explorer/install/setup.bash'
[0.619s] INFO:colcon.colcon_core.shell:Creating prefix script '/home/jasper/turtlebot3_ws/src/map_explorer/install/local_setup.zsh'
[0.619s] INFO:colcon.colcon_core.shell:Creating prefix chain script '/home/jasper/turtlebot3_ws/src/map_explorer/install/setup.zsh'
