Traceback (most recent call last):
  File "/home/jasper/turtlebot3_ws/src/map_explorer/build/map_explorer/setup.py", line 5, in <module>
    setup(
  File "/usr/lib/python3/dist-packages/setuptools/__init__.py", line 153, in setup
    return distutils.core.setup(**attrs)
  File "/usr/lib/python3.10/distutils/core.py", line 134, in setup
    ok = dist.parse_command_line()
  File "/usr/lib/python3.10/distutils/dist.py", line 483, in parse_command_line
    args = self._parse_command_opts(parser, args)
  File "/usr/lib/python3/dist-packages/setuptools/dist.py", line 1048, in _parse_command_opts
    nargs = _Distribution._parse_command_opts(self, parser, args)
  File "/usr/lib/python3.10/distutils/dist.py", line 539, in _parse_command_opts
    cmd_class = self.get_command_class(command)
  File "/usr/lib/python3/dist-packages/setuptools/dist.py", line 893, in get_command_class
    self.cmdclass[command] = cmdclass = ep.load()
  File "/usr/lib/python3/dist-packages/pkg_resources/__init__.py", line 2465, in load
    return self.resolve()
  File "/usr/lib/python3/dist-packages/pkg_resources/__init__.py", line 2471, in resolve
    module = __import__(self.module_name, fromlist=['__name__'], level=0)
  File "/usr/lib/python3/dist-packages/setuptools/command/develop.py", line 9, in <module>
    from setuptools.command.easy_install import easy_install
  File "/usr/lib/python3/dist-packages/setuptools/command/easy_install.py", line 52, in <module>
    from setuptools.package_index import (
  File "/usr/lib/python3/dist-packages/setuptools/package_index.py", line 29, in <module>
    from setuptools.wheel import Wheel
  File "/usr/lib/python3/dist-packages/setuptools/wheel.py", line 17, in <module>
    from setuptools.command.egg_info import write_requirements
  File "/usr/lib/python3/dist-packages/setuptools/command/egg_info.py", line 29, in <module>
    from setuptools.glob import glob
  File "<frozen importlib._bootstrap>", line 1027, in _find_and_load
  File "<frozen importlib._bootstrap>", line 1006, in _find_and_load_unlocked
  File "<frozen importlib._bootstrap>", line 674, in _load_unlocked
  File "<frozen importlib._bootstrap>", line 577, in module_from_spec
  File "<frozen importlib._bootstrap>", line 541, in _init_module_attrs
KeyboardInterrupt
