[0.414s] DEBUG:colcon:Command line arguments: ['/usr/bin/colcon', 'build', '--symlink-install']
[0.414s] DEBUG:colcon:Parsed command line arguments: Namespace(log_base=None, log_level=None, verb_name='build', build_base='build', install_base='install', merge_install=False, symlink_install=True, test_result_base=None, continue_on_error=False, executor='parallel', parallel_workers=8, event_handlers=None, ignore_user_meta=False, metas=['./colcon.meta'], base_paths=['.'], packages_ignore=None, packages_ignore_regex=None, paths=None, packages_up_to=None, packages_up_to_regex=None, packages_above=None, packages_above_and_dependencies=None, packages_above_depth=None, packages_select_by_dep=None, packages_skip_by_dep=None, packages_skip_up_to=None, packages_select_build_failed=False, packages_skip_build_finished=False, packages_select_test_failures=False, packages_skip_test_passed=False, packages_select=None, packages_skip=None, packages_select_regex=None, packages_skip_regex=None, packages_start=None, packages_end=None, allow_overriding=[], cmake_args=None, cmake_target=None, cmake_target_skip_unavailable=False, cmake_clean_cache=False, cmake_clean_first=False, cmake_force_configure=False, ament_cmake_args=None, catkin_cmake_args=None, catkin_skip_building_tests=False, verb_parser=<colcon_defaults.argument_parser.defaults.DefaultArgumentsDecorator object at 0x7f02a4315de0>, verb_extension=<colcon_core.verb.build.BuildVerb object at 0x7f02a4d86650>, main=<bound method BuildVerb.main of <colcon_core.verb.build.BuildVerb object at 0x7f02a4d86650>>)
[0.445s] Level 1:colcon.colcon_core.package_discovery:discover_packages(colcon_meta) check parameters
[0.445s] Level 1:colcon.colcon_core.package_discovery:discover_packages(recursive) check parameters
[0.445s] Level 1:colcon.colcon_core.package_discovery:discover_packages(ignore) check parameters
[0.445s] Level 1:colcon.colcon_core.package_discovery:discover_packages(path) check parameters
[0.445s] Level 1:colcon.colcon_core.package_discovery:discover_packages(colcon_meta) discover
[0.446s] Level 1:colcon.colcon_core.package_discovery:discover_packages(recursive) discover
[0.446s] INFO:colcon.colcon_core.package_discovery:Crawling recursively for packages in '/home/jasper/turtlebot3_ws/src/map_explorer'
[0.446s] Level 1:colcon.colcon_core.package_identification:_identify(.) by extensions ['ignore', 'ignore_ament_install']
[0.446s] Level 1:colcon.colcon_core.package_identification:_identify(.) by extension 'ignore'
[0.446s] Level 1:colcon.colcon_core.package_identification:_identify(.) by extension 'ignore_ament_install'
[0.446s] Level 1:colcon.colcon_core.package_identification:_identify(.) by extensions ['colcon_pkg']
[0.446s] Level 1:colcon.colcon_core.package_identification:_identify(.) by extension 'colcon_pkg'
[0.446s] Level 1:colcon.colcon_core.package_identification:_identify(.) by extensions ['colcon_meta']
[0.446s] Level 1:colcon.colcon_core.package_identification:_identify(.) by extension 'colcon_meta'
[0.446s] Level 1:colcon.colcon_core.package_identification:_identify(.) by extensions ['ros']
[0.446s] Level 1:colcon.colcon_core.package_identification:_identify(.) by extension 'ros'
[0.462s] DEBUG:colcon.colcon_core.package_identification:Package '.' with type 'ros.ament_python' and name 'map_explorer'
[0.462s] Level 1:colcon.colcon_core.package_discovery:discover_packages(recursive) using defaults
[0.462s] Level 1:colcon.colcon_core.package_discovery:discover_packages(ignore) discover
[0.463s] Level 1:colcon.colcon_core.package_discovery:discover_packages(ignore) using defaults
[0.463s] Level 1:colcon.colcon_core.package_discovery:discover_packages(path) discover
[0.463s] Level 1:colcon.colcon_core.package_discovery:discover_packages(path) using defaults
[0.492s] Level 1:colcon.colcon_core.package_discovery:discover_packages(prefix_path) check parameters
[0.492s] Level 1:colcon.colcon_core.package_discovery:discover_packages(prefix_path) discover
[0.495s] DEBUG:colcon.colcon_installed_package_information.package_discovery:Found 1 installed packages in /home/jasper/turtlebot3_ws/src/map_explorer/install
[0.496s] DEBUG:colcon.colcon_installed_package_information.package_discovery:Found 4 installed packages in /home/jasper/turtlebot3_ws/install
[0.498s] DEBUG:colcon.colcon_installed_package_information.package_discovery:Found 376 installed packages in /opt/ros/humble
[0.500s] Level 1:colcon.colcon_core.package_discovery:discover_packages(prefix_path) using defaults
[0.585s] Level 5:colcon.colcon_core.verb:set package 'map_explorer' build argument 'cmake_args' from command line to 'None'
[0.585s] Level 5:colcon.colcon_core.verb:set package 'map_explorer' build argument 'cmake_target' from command line to 'None'
[0.585s] Level 5:colcon.colcon_core.verb:set package 'map_explorer' build argument 'cmake_target_skip_unavailable' from command line to 'False'
[0.585s] Level 5:colcon.colcon_core.verb:set package 'map_explorer' build argument 'cmake_clean_cache' from command line to 'False'
[0.585s] Level 5:colcon.colcon_core.verb:set package 'map_explorer' build argument 'cmake_clean_first' from command line to 'False'
[0.585s] Level 5:colcon.colcon_core.verb:set package 'map_explorer' build argument 'cmake_force_configure' from command line to 'False'
[0.585s] Level 5:colcon.colcon_core.verb:set package 'map_explorer' build argument 'ament_cmake_args' from command line to 'None'
[0.585s] Level 5:colcon.colcon_core.verb:set package 'map_explorer' build argument 'catkin_cmake_args' from command line to 'None'
[0.585s] Level 5:colcon.colcon_core.verb:set package 'map_explorer' build argument 'catkin_skip_building_tests' from command line to 'False'
[0.585s] DEBUG:colcon.colcon_core.verb:Building package 'map_explorer' with the following arguments: {'ament_cmake_args': None, 'build_base': '/home/jasper/turtlebot3_ws/src/map_explorer/build/map_explorer', 'catkin_cmake_args': None, 'catkin_skip_building_tests': False, 'cmake_args': None, 'cmake_clean_cache': False, 'cmake_clean_first': False, 'cmake_force_configure': False, 'cmake_target': None, 'cmake_target_skip_unavailable': False, 'install_base': '/home/jasper/turtlebot3_ws/src/map_explorer/install/map_explorer', 'merge_install': False, 'path': '/home/jasper/turtlebot3_ws/src/map_explorer', 'symlink_install': True, 'test_result_base': None}
[0.586s] INFO:colcon.colcon_core.executor:Executing jobs using 'parallel' executor
[0.589s] DEBUG:colcon.colcon_parallel_executor.executor.parallel:run_until_complete
[0.589s] INFO:colcon.colcon_ros.task.ament_python.build:Building ROS package in '/home/jasper/turtlebot3_ws/src/map_explorer' with build type 'ament_python'
[0.589s] Level 1:colcon.colcon_core.shell:create_environment_hook('map_explorer', 'ament_prefix_path')
[0.593s] INFO:colcon.colcon_core.plugin_system:Skipping extension 'colcon_core.shell.bat': Not used on non-Windows systems
[0.594s] INFO:colcon.colcon_core.shell:Creating environment hook '/home/jasper/turtlebot3_ws/src/map_explorer/install/map_explorer/share/map_explorer/hook/ament_prefix_path.ps1'
[0.594s] INFO:colcon.colcon_core.shell:Creating environment descriptor '/home/jasper/turtlebot3_ws/src/map_explorer/install/map_explorer/share/map_explorer/hook/ament_prefix_path.dsv'
[0.595s] INFO:colcon.colcon_core.shell:Creating environment hook '/home/jasper/turtlebot3_ws/src/map_explorer/install/map_explorer/share/map_explorer/hook/ament_prefix_path.sh'
[0.598s] INFO:colcon.colcon_core.shell:Skip shell extension 'powershell' for command environment: Not usable outside of PowerShell
[0.598s] DEBUG:colcon.colcon_core.shell:Skip shell extension 'dsv' for command environment
[0.969s] INFO:colcon.colcon_core.task.python.build:Building Python package in '/home/jasper/turtlebot3_ws/src/map_explorer'
[0.970s] INFO:colcon.colcon_core.shell:Skip shell extension 'powershell' for command environment: Not usable outside of PowerShell
[0.971s] DEBUG:colcon.colcon_core.shell:Skip shell extension 'dsv' for command environment
[1.444s] DEBUG:colcon.colcon_core.event_handler.log_command:Invoking command in '/home/jasper/turtlebot3_ws/src/map_explorer/build/map_explorer': PYTHONPATH=/home/jasper/turtlebot3_ws/src/map_explorer/build/map_explorer/prefix_override:/home/jasper/turtlebot3_ws/src/map_explorer/install/map_explorer/lib/python3.10/site-packages:${PYTHONPATH} /usr/bin/python3 setup.py develop --editable --build-directory /home/jasper/turtlebot3_ws/src/map_explorer/build/map_explorer/build --no-deps install_data
[2.079s] Level 1:colcon.colcon_core.shell:create_environment_hook('map_explorer', 'pythonpath_develop')
[2.080s] INFO:colcon.colcon_core.shell:Creating environment hook '/home/jasper/turtlebot3_ws/src/map_explorer/build/map_explorer/share/map_explorer/hook/pythonpath_develop.ps1'
[2.081s] DEBUG:colcon.colcon_core.event_handler.log_command:Invoked command in '/home/jasper/turtlebot3_ws/src/map_explorer/build/map_explorer' returned '0': PYTHONPATH=/home/jasper/turtlebot3_ws/src/map_explorer/build/map_explorer/prefix_override:/home/jasper/turtlebot3_ws/src/map_explorer/install/map_explorer/lib/python3.10/site-packages:${PYTHONPATH} /usr/bin/python3 setup.py develop --editable --build-directory /home/jasper/turtlebot3_ws/src/map_explorer/build/map_explorer/build --no-deps install_data
[2.082s] INFO:colcon.colcon_core.shell:Creating environment descriptor '/home/jasper/turtlebot3_ws/src/map_explorer/build/map_explorer/share/map_explorer/hook/pythonpath_develop.dsv'
[2.083s] INFO:colcon.colcon_core.shell:Creating environment hook '/home/jasper/turtlebot3_ws/src/map_explorer/build/map_explorer/share/map_explorer/hook/pythonpath_develop.sh'
[2.089s] Level 1:colcon.colcon_core.environment:checking '/home/jasper/turtlebot3_ws/src/map_explorer/install/map_explorer' for CMake module files
[2.089s] Level 1:colcon.colcon_core.environment:checking '/home/jasper/turtlebot3_ws/src/map_explorer/install/map_explorer' for CMake config files
[2.090s] Level 1:colcon.colcon_core.environment:checking '/home/jasper/turtlebot3_ws/src/map_explorer/install/map_explorer/lib'
[2.090s] Level 1:colcon.colcon_core.environment:checking '/home/jasper/turtlebot3_ws/src/map_explorer/install/map_explorer/bin'
[2.090s] Level 1:colcon.colcon_core.environment:checking '/home/jasper/turtlebot3_ws/src/map_explorer/install/map_explorer/lib/pkgconfig/map_explorer.pc'
[2.091s] Level 1:colcon.colcon_core.environment:checking '/home/jasper/turtlebot3_ws/src/map_explorer/install/map_explorer/lib/python3.10/site-packages'
[2.091s] Level 1:colcon.colcon_core.shell:create_environment_hook('map_explorer', 'pythonpath')
[2.092s] INFO:colcon.colcon_core.shell:Creating environment hook '/home/jasper/turtlebot3_ws/src/map_explorer/install/map_explorer/share/map_explorer/hook/pythonpath.ps1'
[2.093s] INFO:colcon.colcon_core.shell:Creating environment descriptor '/home/jasper/turtlebot3_ws/src/map_explorer/install/map_explorer/share/map_explorer/hook/pythonpath.dsv'
[2.093s] INFO:colcon.colcon_core.shell:Creating environment hook '/home/jasper/turtlebot3_ws/src/map_explorer/install/map_explorer/share/map_explorer/hook/pythonpath.sh'
[2.094s] Level 1:colcon.colcon_core.environment:checking '/home/jasper/turtlebot3_ws/src/map_explorer/install/map_explorer/bin'
[2.094s] Level 1:colcon.colcon_core.environment:create_environment_scripts_only(map_explorer)
[2.095s] INFO:colcon.colcon_core.shell:Creating package script '/home/jasper/turtlebot3_ws/src/map_explorer/install/map_explorer/share/map_explorer/package.ps1'
[2.096s] INFO:colcon.colcon_core.shell:Creating package descriptor '/home/jasper/turtlebot3_ws/src/map_explorer/install/map_explorer/share/map_explorer/package.dsv'
[2.098s] INFO:colcon.colcon_core.shell:Creating package script '/home/jasper/turtlebot3_ws/src/map_explorer/install/map_explorer/share/map_explorer/package.sh'
[2.099s] INFO:colcon.colcon_core.shell:Creating package script '/home/jasper/turtlebot3_ws/src/map_explorer/install/map_explorer/share/map_explorer/package.bash'
[2.100s] INFO:colcon.colcon_core.shell:Creating package script '/home/jasper/turtlebot3_ws/src/map_explorer/install/map_explorer/share/map_explorer/package.zsh'
[2.101s] Level 1:colcon.colcon_core.environment:create_file_with_runtime_dependencies(/home/jasper/turtlebot3_ws/src/map_explorer/install/map_explorer/share/colcon-core/packages/map_explorer)
[2.102s] DEBUG:colcon.colcon_parallel_executor.executor.parallel:closing loop
[2.103s] DEBUG:colcon.colcon_parallel_executor.executor.parallel:loop closed
[2.103s] DEBUG:colcon.colcon_parallel_executor.executor.parallel:run_until_complete finished with '0'
[2.103s] DEBUG:colcon.colcon_core.event_reactor:joining thread
[2.109s] INFO:colcon.colcon_core.plugin_system:Skipping extension 'colcon_notification.desktop_notification.terminal_notifier': Not used on non-Darwin systems
[2.109s] INFO:colcon.colcon_core.plugin_system:Skipping extension 'colcon_notification.desktop_notification.win32': Not used on non-Windows systems
[2.109s] INFO:colcon.colcon_notification.desktop_notification:Sending desktop notification using 'notify2'
[2.123s] DEBUG:colcon.colcon_core.event_reactor:joined thread
[2.125s] INFO:colcon.colcon_core.shell:Creating prefix script '/home/jasper/turtlebot3_ws/src/map_explorer/install/local_setup.ps1'
[2.126s] INFO:colcon.colcon_core.shell:Creating prefix util module '/home/jasper/turtlebot3_ws/src/map_explorer/install/_local_setup_util_ps1.py'
[2.129s] INFO:colcon.colcon_core.shell:Creating prefix chain script '/home/jasper/turtlebot3_ws/src/map_explorer/install/setup.ps1'
[2.133s] INFO:colcon.colcon_core.shell:Creating prefix script '/home/jasper/turtlebot3_ws/src/map_explorer/install/local_setup.sh'
[2.134s] INFO:colcon.colcon_core.shell:Creating prefix util module '/home/jasper/turtlebot3_ws/src/map_explorer/install/_local_setup_util_sh.py'
[2.135s] INFO:colcon.colcon_core.shell:Creating prefix chain script '/home/jasper/turtlebot3_ws/src/map_explorer/install/setup.sh'
[2.137s] INFO:colcon.colcon_core.shell:Creating prefix script '/home/jasper/turtlebot3_ws/src/map_explorer/install/local_setup.bash'
[2.138s] INFO:colcon.colcon_core.shell:Creating prefix chain script '/home/jasper/turtlebot3_ws/src/map_explorer/install/setup.bash'
[2.139s] INFO:colcon.colcon_core.shell:Creating prefix script '/home/jasper/turtlebot3_ws/src/map_explorer/install/local_setup.zsh'
[2.140s] INFO:colcon.colcon_core.shell:Creating prefix chain script '/home/jasper/turtlebot3_ws/src/map_explorer/install/setup.zsh'
