[0.636s] Invoking command in '/home/jasper/turtlebot3_ws/src/map_explorer/build/map_explorer': PYTHONPATH=/home/jasper/turtlebot3_ws/src/map_explorer/build/map_explorer/prefix_override:/home/jasper/turtlebot3_ws/src/map_explorer/install/map_explorer/lib/python3.10/site-packages:${PYTHONPATH} /usr/bin/python3 setup.py develop --editable --build-directory /home/jasper/turtlebot3_ws/src/map_explorer/build/map_explorer/build --no-deps install_data
[0.895s] running develop
[0.896s] /usr/lib/python3/dist-packages/setuptools/command/easy_install.py:158: EasyInstallDeprecationWarning: easy_install command is deprecated. Use build and pip and other standards-based tools.
[0.896s]   warnings.warn(
[0.897s] /usr/lib/python3/dist-packages/setuptools/command/install.py:34: SetuptoolsDeprecationWarning: setup.py install is deprecated. Use build and pip and other standards-based tools.
[0.897s]   warnings.warn(
[1.077s] running egg_info
[1.077s] writing map_explorer.egg-info/PKG-INFO
[1.077s] writing dependency_links to map_explorer.egg-info/dependency_links.txt
[1.077s] writing entry points to map_explorer.egg-info/entry_points.txt
[1.077s] writing requirements to map_explorer.egg-info/requires.txt
[1.077s] writing top-level names to map_explorer.egg-info/top_level.txt
[1.079s] reading manifest file 'map_explorer.egg-info/SOURCES.txt'
[1.080s] writing manifest file 'map_explorer.egg-info/SOURCES.txt'
[1.082s] running build_ext
[1.082s] Creating /home/jasper/turtlebot3_ws/src/map_explorer/install/map_explorer/lib/python3.10/site-packages/map-explorer.egg-link (link to .)
[1.083s] Installing map_explorer_jasper script to /home/jasper/turtlebot3_ws/src/map_explorer/install/map_explorer/lib/map_explorer
[1.083s] Installing ramtintest script to /home/jasper/turtlebot3_ws/src/map_explorer/install/map_explorer/lib/map_explorer
[1.083s] Installing waypoint_cycler script to /home/jasper/turtlebot3_ws/src/map_explorer/install/map_explorer/lib/map_explorer
[1.083s] 
[1.083s] Installed /home/jasper/turtlebot3_ws/src/map_explorer/build/map_explorer
[1.084s] running install_data
[1.114s] Invoked command in '/home/jasper/turtlebot3_ws/src/map_explorer/build/map_explorer' returned '0': PYTHONPATH=/home/jasper/turtlebot3_ws/src/map_explorer/build/map_explorer/prefix_override:/home/jasper/turtlebot3_ws/src/map_explorer/install/map_explorer/lib/python3.10/site-packages:${PYTHONPATH} /usr/bin/python3 setup.py develop --editable --build-directory /home/jasper/turtlebot3_ws/src/map_explorer/build/map_explorer/build --no-deps install_data
